// Jest Snapshot v1, https://goo.gl/fbAQLP

exports[`Customheader Component should match the snapshot 1`] = `
<View>
  <View
    accessibilityState={
      {
        "busy": undefined,
        "checked": undefined,
        "disabled": undefined,
        "expanded": undefined,
        "selected": undefined,
      }
    }
    accessibilityValue={
      {
        "max": undefined,
        "min": undefined,
        "now": undefined,
        "text": undefined,
      }
    }
    accessible={true}
    collapsable={false}
    focusable={true}
    onClick={[Function]}
    onResponderGrant={[Function]}
    onResponderMove={[Function]}
    onResponderRelease={[Function]}
    onResponderTerminate={[Function]}
    onResponderTerminationRequest={[Function]}
    onStartShouldSetResponder={[Function]}
    style={
      {
        "opacity": 1,
      }
    }
    testID="back-button"
  />
  <Text
    style={
      {
        "color": "#fff",
        "fontFamily": "Poppins-SemiBold",
        "fontSize": 22,
        "marginLeft": 8,
        "marginTop": 20,
      }
    }
  >
    Test
  </Text>
</View>
`;
